// Jest Snapshot v1, https://goo.gl/fbAQLP

exports[`BillItem component should render 1`] = `
<div
  class="sc-bdVaJa hBwGyE"
>
  <div
    class="sc-bwzfXH iiAqBQ"
  >
    <div
      class="sc-bxivhb hkXpo"
    >
      Ferrari
    </div>
    <div>
      No. of transactions: 
      3
    </div>
  </div>
  
  <button
    class="sc-ifAKCX hbqbpk"
  >
    Remove bill
  </button>
</div>
`;
