// Jest Snapshot v1, https://goo.gl/fbAQLP

exports[`BillItem component should render 1`] = `
<div
  class="sc-bdVaJa fWQwcs"
>
  <div
    class="sc-bwzfXH RkBuh"
  >
    <div>
      Ferrari
    </div>
    <div>
      No. of transactions: 
      3
    </div>
    <button>
      Add bill
    </button>
  </div>
  <div
    class="sc-bxivhb gMtJmg"
  >
    See transactions:
  </div>
  
</div>
`;
