// Jest Snapshot v1, https://goo.gl/fbAQLP

exports[`BillItem component should render 1`] = `
<div
  class="sc-bdVaJa hBwGyE"
>
  <div
    class="sc-bwzfXH fHAcVi"
  >
    <div
      class="sc-ifAKCX hucgpJ"
    >
      Ferrari
    </div>
    <div>
      No. of transactions: 
      3
    </div>
    <button>
      Remove bill
    </button>
  </div>
  <div
    class="sc-bxivhb jbglsB"
  >
    See transactions:
  </div>
  
</div>
`;
