// Jest Snapshot v1, https://goo.gl/fbAQLP

exports[`Tabs component should render 1`] = `
<div
  class="sc-bdVaJa dcBatb"
>
  <div
    class="sc-bwzfXH jjKwmY"
  >
    <div
      class="sc-htpNat iwYkgy"
    >
      <div
        class="sc-bxivhb ezgFeF"
      >
        Bills
      </div>
      <div
        class="sc-bxivhb ezgFeF"
      >
        Potential Bills
      </div>
    </div>
    
  </div>
</div>
`;
